C51 COMPILER V9.54   LED                                                                   10/25/2019 16:50:02 PAGE 1   


C51 COMPILER V9.54, COMPILATION OF MODULE LED
OBJECT MODULE PLACED IN .\Objects\LED.obj
COMPILER INVOKED BY: D:\Keil_v5MDK\C51\BIN\C51.EXE LED.c OPTIMIZE(8,SPEED) BROWSE DEBUG OBJECTEXTEND PRINT(.\Listings\LE
                    -D.lst) TABS(2) OBJECT(.\Objects\LED.obj)

line level    source

   1          #include <reg52.h>
   2          typedef unsigned int u16;
   3          void delay(u16 i);
   4          sbit led1=P2^3;
   5          sbit led2=P2^2;
   6          sbit key1=P3^1;
   7          
   8          u16 a=100;
   9          void keypress()
  10          {
  11   1        if(key1==0)    
  12   1        {
  13   2          delay(100);  
  14   2          if(key1==0)  
  15   2          {
  16   3             a+=100;
  17   3          }
  18   2          while(!key1);   
  19   2        }
  20   1      }
  21          
  22          void main()
  23          {
  24   1        while(1)
  25   1        {
  26   2          keypress();
  27   2          led1=0;
  28   2          led2=0;
  29   2          delay(a);
  30   2          led1=1;
  31   2          led2=1;
  32   2          delay(a);
  33   2        }
  34   1        
  35   1      }
  36          void delay(u16 i)
  37          {
  38   1        while(i--);
  39   1      }


MODULE INFORMATION:   STATIC OVERLAYABLE
   CODE SIZE        =     66    ----
   CONSTANT SIZE    =   ----    ----
   XDATA SIZE       =   ----    ----
   PDATA SIZE       =   ----    ----
   DATA SIZE        =      2    ----
   IDATA SIZE       =   ----    ----
   BIT SIZE         =   ----    ----
END OF MODULE INFORMATION.


C51 COMPILATION COMPLETE.  0 WARNING(S),  0 ERROR(S)
