C51 COMPILER V9.54   ____                                                                  10/19/2019 13:43:30 PAGE 1   


C51 COMPILER V9.54, COMPILATION OF MODULE ____
OBJECT MODULE PLACED IN .\Objects\模板.obj
COMPILER INVOKED BY: D:\Keil_v5MDK\C51\BIN\C51.EXE 模板.c ROM(SMALL) OPTIMIZE(8,SPEED) BROWSE DEBUG OBJECTEXTEND PRINT(.
                    -\Listings\模板.lst) TABS(2) OBJECT(.\Objects\模板.obj)

line level    source

   1          #include <reg52.h>
   2          #include <intrins.h>
   3          unsigned int count=0,flag=1,i=0;   //flag为某一位的亮灭判断，1亮0灭
   4          char dat[8]={0x7f,0xbf,0xdf,0xef,0xf7,0xfb,0xfd,0xfe};
   5          void main()
   6          {
   7   1        TMOD=0x01;   //T016位计时器
   8   1        TH0=0xfc;   //1ms
   9   1        TL0=0x18; 
  10   1        TR0=1;     //允许T0允许
  11   1        IE=0x82;   //打开EA和ET0
  12   1        while(1)
  13   1        {
  14   2          if(TF0==1)
  15   2          {
  16   3            TF0=0;      //清除溢出标志位
  17   3            TH0=0xfc;   //重新装初值
  18   3            TL0=0x18;
  19   3            count++;
  20   3            if(count>=500)  //0.5s
  21   3            {
  22   4              count=0;
  23   4              if(flag==1)
  24   4              {
  25   5                flag=0;
  26   5                P2=0xff;   //全灭
  27   5              }
  28   4              else
  29   4              {
  30   5                flag=1;
  31   5                P2=dat[i++];
  32   5              }
  33   4              if(i>=8) i=0;
  34   4            }
  35   3          }
  36   2        }
  37   1      }


MODULE INFORMATION:   STATIC OVERLAYABLE
   CODE SIZE        =    103    ----
   CONSTANT SIZE    =   ----    ----
   XDATA SIZE       =   ----    ----
   PDATA SIZE       =   ----    ----
   DATA SIZE        =     14    ----
   IDATA SIZE       =   ----    ----
   BIT SIZE         =   ----    ----
END OF MODULE INFORMATION.


C51 COMPILATION COMPLETE.  0 WARNING(S),  0 ERROR(S)
