C51 COMPILER V9.59.0.0   ADC                                                               06/06/2019 16:13:52 PAGE 1   


C51 COMPILER V9.59.0.0, COMPILATION OF MODULE ADC
OBJECT MODULE PLACED IN .\Objects\adc.obj
COMPILER INVOKED BY: C:\Keil_v5\C51\BIN\C51.EXE adc.c OPTIMIZE(8,SPEED) BROWSE DEBUG OBJECTEXTEND PRINT(.\Listings\adc.l
                    -st) TABS(2) OBJECT(.\Objects\adc.obj)

line level    source

   1          
   2          #include <STC15F2K60S2.H>
   3          #include <ADC.h>
   4          
   5          #define ADC_POWER 0x80     //ADC电源控制位
   6          #define ADC_FLAG 0x10      //ADC完成标志
   7          #define ADC_START 0x08     //ADC启动
   8          
   9          #define ADC_SPEEDLL 0x00   //540个时钟
  10          #define ADC_SPEEDL 0x20    //360个时钟
  11          #define ADC_SPEEDH 0x40    //180个时钟
  12          #define ADC_SPEEDHH 0x60   // 90个时钟
  13          
  14          typedef unsigned int uint;
  15          typedef unsigned char uchar;
  16          
  17          uchar ChannelSel;
  18          uchar AD_Result[8];  //8个通道
  19          
  20          void ADC_Init(void)
  21          {
  22   1        P1ASF = 0xff;             //设置P1口为ADC输入，全部扫描
  23   1        ADC_RES = 0;                    //清除结果寄存器
  24   1        ChannelSel=0;
  25   1        ADC_CONTR = ADC_POWER | ADC_SPEEDLL| ADC_START | ChannelSel;
  26   1      }
  27          
  28          /*----------------------------
  29                  ADC中断
  30          ----------------------------*/
  31          void ADC_ISR() interrupt 5 //using 1
  32          {
  33   1        ADC_CONTR &= ~ADC_FLAG;  //FLAG位清零，以便再次产生中断请求   
  34   1        AD_Result[ChannelSel]=ADC_RES; //保存转换结果，高八位的
  35   1        ChannelSel=(ChannelSel+1)&0x07; //换到下一通道 
  36   1        ADC_CONTR = ADC_POWER | ADC_SPEEDLL | ADC_START | ChannelSel;  //重置控制寄存器 
  37   1      } 
  38          
  39          uchar ADC_Read(uchar Ch)   //读取通道某某的高八位数据
  40          {
  41   1        return AD_Result[Ch];
  42   1      }


MODULE INFORMATION:   STATIC OVERLAYABLE
   CODE SIZE        =     59    ----
   CONSTANT SIZE    =   ----    ----
   XDATA SIZE       =   ----    ----
   PDATA SIZE       =   ----    ----
   DATA SIZE        =      9    ----
   IDATA SIZE       =   ----    ----
   BIT SIZE         =   ----    ----
END OF MODULE INFORMATION.


C51 COMPILATION COMPLETE.  0 WARNING(S),  0 ERROR(S)
