C51 COMPILER V9.59.0.0   ____                                                              05/24/2019 15:56:50 PAGE 1   


C51 COMPILER V9.59.0.0, COMPILATION OF MODULE ____
OBJECT MODULE PLACED IN .\Objects\模板.obj
COMPILER INVOKED BY: C:\Keil_v5\C51\BIN\C51.EXE 模板.c OPTIMIZE(8,SPEED) BROWSE DEBUG OBJECTEXTEND PRINT(.\Listings\模板
                    -.lst) TABS(2) OBJECT(.\Objects\模板.obj)

line level    source

   1          #include <reg52.h>
   2          sbit beep=P1^5;
   3          int Beat_val=0;
   4          #define Do0 358
   5          #define Do  179
   6          #define Do1 90
   7          
   8          #define Re0 319
   9          #define Re  160
  10          #define Re1 80
  11          
  12          #define Mi0 284
  13          #define Mi  142
  14          #define Mi1 71
  15          
  16          #define Fa0 269
  17          #define Fa  135
  18          #define Fa1 67
  19          
  20          #define So0 239
  21          #define So  119
  22          #define So1 60
  23          
  24          #define La0 213
  25          #define La  106
  26          #define La1 53
  27          
  28          #define Si0 189
  29          #define Si 95
  30          #define Si1 47
  31          
  32          #define STP 10000
  33          
  34          #define B41 2000  
  35          #define B31 3000
  36          #define B21 1000
  37          #define B32 750
  38          #define B11 500
  39          #define B34 313
  40          #define B12 250
  41          #define B13 125
  42          #define B14 63
  43          int code T_B[]={So,B11,Mi,B12,So,B12,Do1,B21,La,B11,Do1,B11,So,B21,
  44                          So,B11,Do,B12,Re,B12,Mi,B11,Re,B12,Do,B12,Re,B21,
  45                          So,B11,Mi,B12,So,B12,Do1,B32,Si,B12,La,B11,Do1,B11,
  46                          So,B21,So,B11,Re,B12,Mi,B12,Fa,B32,Si0,B12,Do,B21,La,B11,
  47                          Do1,B11,Do1,B21,Si,B11,La,B12,Si,B12,Do1,B21,La,B12,Si,B12,
  48                          Do1,B12,La,B12,La,B12,So,B12,Mi,B12,Do,B12,Re,B21,So,B11,
  49                          Mi,B12,So,B12,Do1,B32,Si,B12,La,B11,Do1,B11,So,B21,So,B11,
  50                          Re,B12,Mi,B12,Fa,B32,Si0,B12,Do,B21,B21};
  51          void IntT0()   
  52          {  
  53   1      
  54   1        ET0=1;      
C51 COMPILER V9.59.0.0   ____                                                              05/24/2019 15:56:50 PAGE 2   

  55   1        TMOD|=0x01; 
  56   1        TR0=1;      
  57   1        TH0=0xfc;   
  58   1        TL0=0x18;
  59   1      }
  60          void t0() interrupt 1
  61          {
  62   1        TH0=0xfc;   
  63   1        TL0=0x18;
  64   1        Beat_val--;
  65   1      }
  66          void Buzzer(int tone,int beat)
  67          {
  68   1        int i=0;
  69   1        Beat_val=beat;
  70   1        EA=1; 
  71   1        while(Beat_val>0)
  72   1        {
  73   2          beep=0;
  74   2          i=tone;
  75   2          while(i) i--;
  76   2          beep=1;
  77   2          i=tone;
  78   2          while(i) i--;
  79   2        }
  80   1          EA=0; 
  81   1      }
  82          
  83          void playmusic()
  84          {
  85   1        int tone=0;
  86   1        int beat=1;
  87   1        while(T_B[beat]>0)
  88   1        {
  89   2          tone+=2;
  90   2          beat+=2;
  91   2          Buzzer(T_B[tone],T_B[beat]);
  92   2        }
  93   1      }
  94          
  95          void main()
  96          {
  97   1        IntT0();
  98   1        while(1)
  99   1        {
 100   2          playmusic();
 101   2        }
 102   1      }
 103          


MODULE INFORMATION:   STATIC OVERLAYABLE
   CODE SIZE        =    228    ----
   CONSTANT SIZE    =    234    ----
   XDATA SIZE       =   ----    ----
   PDATA SIZE       =   ----    ----
   DATA SIZE        =      2       4
   IDATA SIZE       =   ----    ----
   BIT SIZE         =   ----    ----
END OF MODULE INFORMATION.


C51 COMPILATION COMPLETE.  0 WARNING(S),  0 ERROR(S)
